[23May2026 13:13:09.421] [main/INFO] [cpw.mods.modlauncher.Launcher/MODLAUNCHER]: ModLauncher running: args [--launchTarget, forgedatadev, --assetIndex, 17, --assetsDir, C:\\Users\\Wexit\\.gradle\\caches\\neoformruntime\\assets, --gameDir, ., --fml.fmlVersion, 4.0.41, --fml.mcVersion, 1.21.1, --fml.neoForgeVersion, 21.1.208, --fml.neoFormVersion, 20240808.144430, --mod, dtstilllife, --all, --output, C:\\Users\\Wexit\\git\\dtstill-life\\src\\generated\\resources, --existing, C:\\Users\\Wexit\\git\\dtstill-life\\src\\main\\resources, --existing-mod, dynamictrees, --existing-mod, still_life]
[23May2026 13:13:09.425] [main/INFO] [cpw.mods.modlauncher.Launcher/MODLAUNCHER]: JVM identified as Oracle Corporation Java HotSpot(TM) 64-Bit Server VM 21.0.11+9-LTS-211
[23May2026 13:13:09.427] [main/INFO] [cpw.mods.modlauncher.Launcher/MODLAUNCHER]: ModLauncher 11.0.5+main.901c6ea8 starting: java version 21.0.11 by Oracle Corporation; OS Windows 10 arch amd64 version 10.0
[23May2026 13:13:09.626] [main/INFO] [net.neoforged.fml.loading.ImmediateWindowHandler/]: ImmediateWindowProvider not loading because launch target is forgedatadev
[23May2026 13:13:09.687] [main/INFO] [mixin/]: SpongePowered MIXIN Subsystem Version=0.8.7 Source=union:/C:/Users/Wexit/.gradle/caches/modules-2/files-2.1/net.fabricmc/sponge-mixin/0.15.2+mixin.0.8.7/2af2f021d8e02a0220dc27a7a72b4666d66d44ca/sponge-mixin-0.15.2+mixin.0.8.7.jar%23138!/ Service=ModLauncher Env=CLIENT
[23May2026 13:13:09.958] [main/INFO] [net.neoforged.fml.loading.moddiscovery.locators.JarInJarDependencyLocator/]: Found 2 dependencies adding them to mods collection
[23May2026 13:13:09.959] [main/INFO] [net.neoforged.fml.loading.moddiscovery.ModDiscoverer/]: 
     Mod List:
		Name Version (Mod Id)

		Dynamic Trees 1.7.0 (dynamictrees)
		Dynamic Trees - Still Life 1.0.0 (dtstilllife)
		Dynamic Trees Plus 1.3.2 (dynamictreesplus)
		GlitchCore 2.1.0.0 (glitchcore)
		Jade 15.10.0+neoforge (jade)
		Just Enough Items 19.21.0.247 (jei)
		Minecraft 1.21.1 (minecraft)
		NeoForge 21.1.208 (neoforge)
		Patchouli 1.21-88-NEOFORGE (patchouli)
		Serene Seasons 10.1.0.1 (sereneseasons)
		spark 1.10.124 (spark)
[23May2026 13:13:10.787] [main/INFO] [mixin/]: Compatibility level set to JAVA_17
[23May2026 13:13:10.791] [main/INFO] [mixin/]: Compatibility level set to JAVA_21
[23May2026 13:13:10.800] [main/INFO] [cpw.mods.modlauncher.LaunchServiceHandler/MODLAUNCHER]: Launching target 'forgedatadev' with arguments [--gameDir, ., --assetsDir, C:\Users\Wexit\.gradle\caches\neoformruntime\assets, --assetIndex, 17, --mod, dtstilllife, --all, --output, C:\\Users\\Wexit\\git\\dtstill-life\\src\\generated\\resources, --existing, C:\\Users\\Wexit\\git\\dtstill-life\\src\\main\\resources, --existing-mod, dynamictrees, --existing-mod, still_life]
[23May2026 13:13:10.942] [main/WARN] [mixin/]: Reference map 'glitchcore.refmap.json' for glitchcore.mixins.json could not be read. If this is a development environment you can ignore this message
[23May2026 13:13:10.943] [main/WARN] [mixin/]: Reference map 'glitchcore.refmap.json' for glitchcore.neoforge.mixins.json could not be read. If this is a development environment you can ignore this message
[23May2026 13:13:10.943] [main/WARN] [mixin/]: Reference map 'sereneseasons.refmap.json' for sereneseasons.mixins.json could not be read. If this is a development environment you can ignore this message
[23May2026 13:13:10.943] [main/WARN] [mixin/]: Reference map 'sereneseasons.refmap.json' for sereneseasons.neoforge.mixins.json could not be read. If this is a development environment you can ignore this message
[23May2026 13:13:10.944] [main/WARN] [mixin/]: Reference map 'patchouli.refmap.json' for patchouli_xplat.mixins.json could not be read. If this is a development environment you can ignore this message
[23May2026 13:13:10.944] [main/WARN] [mixin/]: Reference map 'dynamictrees.refmap.json' for dynamictrees.mixins.json could not be read. If this is a development environment you can ignore this message
[23May2026 13:13:11.828] [main/INFO] [net.neoforged.neoforge.data.loading.DatagenModLoader/]: Initializing Data Gatherer for mods [dtstilllife]
[23May2026 13:13:11.850] [main/INFO] [MixinExtras|Service/]: Initializing MixinExtras via com.llamalad7.mixinextras.service.MixinExtrasServiceImpl(version=0.5.0).
[23May2026 13:13:17.286] [modloading-worker-0/INFO] [net.neoforged.neoforge.common.NeoForgeMod/NEOFORGE-MOD]: NeoForge mod loading, version 21.1.208, for MC 1.21.1
[23May2026 13:13:17.365] [modloading-worker-0/INFO] [glitchcore/]: Registered synced config with path sereneseasons/fertility.toml
[23May2026 13:13:17.366] [modloading-worker-0/INFO] [glitchcore/]: Registered synced config with path sereneseasons/seasons.toml
[23May2026 13:13:17.552] [modloading-worker-0/INFO] [mezz.jei.library.load.PluginCaller/]: Sending ConfigManager...
[23May2026 13:13:17.565] [modloading-worker-0/INFO] [mezz.jei.library.load.PluginCaller/]: Sending ConfigManager took 6.749 ms
[23May2026 13:13:18.445] [main/WARN] [net.minecraft.server.packs.VanillaPackResourcesBuilder/]: Assets URL 'union:/C:/Users/Wexit/git/dtstill-life/build/moddev/artifacts/neoforge-21.1.208.jar%23189!/assets/.mcassetsroot' uses unexpected schema
[23May2026 13:13:18.445] [main/WARN] [net.minecraft.server.packs.VanillaPackResourcesBuilder/]: Assets URL 'union:/C:/Users/Wexit/git/dtstill-life/build/moddev/artifacts/neoforge-21.1.208.jar%23189!/data/.mcassetsroot' uses unexpected schema
[23May2026 13:13:18.866] [main/INFO] [net.minecraft.data.DataGenerator/]: All providers took: 0 ms
[23May2026 13:13:18.868] [main/INFO] [net.minecraft.data.HashCache/]: Caching: total files: 0, old count: 0, new count: 1, removed stale: 0, written: 0
